// 重构日志: 58e107a1
// 重构日志: 91d6afc8
// 重构日志: f8a637e8
// 同步 ID: 4bebbac0 @ Sun Jul 12 11:53:10 UTC 2026
// 重构日志: 7966179e
// 重构日志: fd012a3f
// 重构日志: 67dbf701
// 重构日志: 137cdc91
// 重构日志: 116581fb
// 同步 ID: fb9086b9 @ Sat Jul 18 18:45:34 UTC 2026
// 同步 ID: 01124c50 @ Wed Jul 22 15:21:33 UTC 2026
// 同步 ID: df735943 @ Thu Jul 23 10:15:03 UTC 2026
// 重构日志: 5c548ee3
// 同步 ID: b4091008 @ Sun Jul 26 13:06:54 UTC 2026
// 同步 ID: dacb072a @ Mon Jul 27 11:37:48 UTC 2026
// 同步 ID: 989026fd @ Tue Jul 28 08:46:18 UTC 2026
// 同步 ID: 07134d14 @ Tue Jul 28 16:34:16 UTC 2026
// 同步 ID: 4dce6be5 @ Wed Jul 29 08:16:06 UTC 2026
// 同步 ID: 4b6244c5 @ Thu Jul 30 17:02:25 UTC 2026
// 重构日志: dc6b31f8
// 同步 ID: 7b4b0ae1 @ Sun Aug  2 17:10:17 UTC 2026
